ERC report (2026-08-02T01:46:04, Encoding UTF8)
Report includes: Errors, Warnings

***** Sheet /
[lib_symbol_mismatch]: Symbol 'TPS7A20xxxDBV' doesn't match copy in library 'Regulator_Linear'
    ; warning
    @(76.20 mm, 96.52 mm): Symbol U2 [TPS7A20xxxDBV]
[lib_symbol_mismatch]: Symbol 'TPS7A20xxxDBV' doesn't match copy in library 'Regulator_Linear'
    ; warning
    @(76.20 mm, 129.54 mm): Symbol U3 [TPS7A20xxxDBV]
[lib_symbol_mismatch]: Symbol 'AO3401A' doesn't match copy in library 'Transistor_FET'
    ; warning
    @(165.10 mm, 101.60 mm): Symbol Q2 [AO3401A]
[lib_symbol_mismatch]: Symbol 'W25Q128JVS' doesn't match copy in library 'Memory_Flash'
    ; warning
    @(190.50 mm, 76.20 mm): Symbol U9 [W25Q128JVS]
[lib_symbol_mismatch]: Symbol 'AO3401A' doesn't match copy in library 'Transistor_FET'
    ; warning
    @(279.40 mm, 88.90 mm): Symbol Q4 [AO3401A]
[lib_symbol_mismatch]: Symbol 'AO3401A' doesn't match copy in library 'Transistor_FET'
    ; warning
    @(279.40 mm, 114.30 mm): Symbol Q5 [AO3401A]
[endpoint_off_grid]: Symbol pin or wire end off connection grid
    ; warning
    @(52.09 mm, 50.80 mm): Symbol D2 Pin 1 [A1, Passive, Line]
[lib_symbol_mismatch]: Symbol 'AO3401A' doesn't match copy in library 'Transistor_FET'
    ; warning
    @(76.20 mm, 44.45 mm): Symbol Q3 [AO3401A]
[lib_symbol_mismatch]: Symbol 'BGA2817' doesn't match copy in library 'RF_Amplifier'
    ; warning
    @(177.80 mm, 88.90 mm): Symbol U12 [BGA2817]

***** Sheet /Power/

***** Sheet /MCU_RP2040/

***** Sheet /RF_1090/

***** Sheet /SubGHz_978/

***** Sheet /Sensors_GNSS/
[pin_to_pin]: Pins of type Bidirectional and Power output are connected
    ; warning
    @(93.98 mm, 137.16 mm): Symbol U5 Pin 5 [SDO, Bidirectional, Line]
    @(215.90 mm, 96.52 mm): Symbol #FLG02 Pin 1 [Power output, Line]

***** Sheet /Interface_J3/

 ** ERC messages: 10  Errors 0  Warnings 10

 ** Ignored checks:
    - Global label only appears once in the schematic
    - Four connection points are joined together
    - SPICE model issue
    - Assigned footprint doesn't match footprint filters
